{
  "description": "Just a basic schema.",
  "title": "Basic Object",
  "type": "object",
  "properties": {
    "description": "Just a basic schema."
  }
}
