{
  "$id": "removeidsmergeadditionalproperties.json",
  "description": "bar property",
  "type": "boolean"
}
